===========================================================================
         ________    _________   _______       __     _________            
        |        |\ |        |\ |       \\    |  |\  /         \\          
        |    ____|| |    ____|| |    __  ||   |__|| |    ___    ||         
        |   |\___\| |   |\___\| |   |\_| ||    \_\| |   //  \   ||         
        |   ||__    |   ||__    |   ||_| ||   |  |\ |  ||    |  ||         
        |       |\  |       |\  |         \\  |  || |  ||    |  ||         
        |    ___||  |    ___||  |    ___   || |  || |  ||    |  ||         
        |   |\__\|  |   |\__\|  |   |\__|  || |  || |  ||    |  ||         
        |   ||      |   ||___   |   ||__|  || |  || |   \\__/   ||         
        |   ||      |        |\ |          || |  || |           ||         
        |___||      |________|| |_________//  |__||  \_________//          
                                                                           
      F I N I T E   E L E M E N T S   F O R   B I O M E C H A N I C S      
                                                                           
  version 4.12.0
  FEBio is a registered trademark.                                         
  copyright (c) 2006-2026 - All rights reserved                            
                                                                           
===========================================================================


 *************************************************************************
 *                               WARNING                                 *
 * dtmax is ignored when specifying must points.                         *
 *************************************************************************




 FILES USED
===========================================================================
	Input file : C:\Users\20223231\ews_fem_clean\overnight_hetero_zwaar.feb
	Plot file  : C:\Users\20223231\ews_fem_clean\output\overnight_hetero_zwaar.vtk
	Log file   : C:\Users\20223231\ews_fem_clean\overnight_hetero_zwaar.log


 MESH INFO
===========================================================================
	Number of materials ............................ : 3
	Number of domains .............................. : 3
	Number of nodes ................................ : 18830
	Number of solid elements ....................... : 12182
	Number of shell elements ....................... : 1737


 MODULE
===========================================================================
	Module type ....................................... : solid


 STEP DATA
===========================================================================
step   1 - (noname) (type: solid)
	analysis .......................................... : STATIC (0)
	time_steps ........................................ : 25
	step_size ......................................... : 0.04
	plot_zero_state ................................... : no (0)
	plot_range ........................................ : 0,-1
	plot_level ........................................ : PLOT_NEVER (0)
	output_level ...................................... : OUTPUT_NEVER (0)
	plot_stride ....................................... : 1
	output_stride ..................................... : 1
	adaptor_re_solve .................................. : yes (1)
	time_stepper: (type: default)
	  max_retries ..................................... : 60
	  opt_iter ........................................ : 18
	  dtmin ........................................... : 0
	  dtmax ........................................... : 0.04
	  aggressiveness .................................. : 0
	  cutback ......................................... : 0.3
	  dtforce ......................................... : no (0)
	solver: (type: solid)
	  symmetric_stiffness ............................. : symmetric (1)
	  equation_scheme ................................. : staggered (0)
	  equation_order .................................. : default (0)
	  optimize_bw ..................................... : no (0)
	  lstol ........................................... : 0.75
	  lsmin ........................................... : 0.01
	  lsiter .......................................... : 8
	  ls_check_jacobians .............................. : yes (1)
	  max_refs ........................................ : 35
	  check_zero_diagonal ............................. : no (0)
	  zero_diagonal_tol ............................... : 0
	  force_partition ................................. : 0
	  reform_each_time_step ........................... : yes (1)
	  reform_augment .................................. : no (0)
	  diverge_reform .................................. : yes (1)
	  min_residual .................................... : 1e-20
	  max_residual .................................... : 0
	  dtol ............................................ : 0.001
	  etol ............................................ : 0.004
	  rtol ............................................ : 0
	  rhoi ............................................ : -2
	  alpha ........................................... : 1
	  beta ............................................ : 0.25
	  gamma ........................................... : 0.25
	  logSolve ........................................ : no (0)
	  arc_length ...................................... : 0
	  arc_length_scale ................................ : 0
	qn_method: (type: BFGS)
	    max_ups ....................................... : 15
	    max_buffer_size ............................... : 0
	    cycle_buffer .................................. : yes (1)
	    cmax .......................................... : 100000
---------------------------------------------------------------------------
step   2 - (noname) (type: solid)
	analysis .......................................... : DYNAMIC (1)
	time_steps ........................................ : 300
	step_size ......................................... : 0.0003
	plot_zero_state ................................... : no (0)
	plot_range ........................................ : 0,-1
	plot_level ........................................ : PLOT_MUST_POINTS (3)
	output_level ...................................... : OUTPUT_MUST_POINTS (3)
	plot_stride ....................................... : 1
	output_stride ..................................... : 1
	adaptor_re_solve .................................. : yes (1)
	time_stepper: (type: default)
	  max_retries ..................................... : 50
	  opt_iter ........................................ : 18
	  dtmin ........................................... : 0
	  dtmax ........................................... : 0.0003
	  aggressiveness .................................. : 0
	  cutback ......................................... : 0.3
	  dtforce ......................................... : no (0)
	solver: (type: solid)
	  symmetric_stiffness ............................. : symmetric (1)
	  equation_scheme ................................. : staggered (0)
	  equation_order .................................. : default (0)
	  optimize_bw ..................................... : no (0)
	  lstol ........................................... : 0.75
	  lsmin ........................................... : 0.01
	  lsiter .......................................... : 8
	  ls_check_jacobians .............................. : yes (1)
	  max_refs ........................................ : 25
	  check_zero_diagonal ............................. : no (0)
	  zero_diagonal_tol ............................... : 0
	  force_partition ................................. : 0
	  reform_each_time_step ........................... : yes (1)
	  reform_augment .................................. : no (0)
	  diverge_reform .................................. : yes (1)
	  min_residual .................................... : 1e-20
	  max_residual .................................... : 0
	  dtol ............................................ : 0.001
	  etol ............................................ : 0.004
	  rtol ............................................ : 0
	  rhoi ............................................ : -2
	  alpha ........................................... : 1
	  beta ............................................ : 0.5
	  gamma ........................................... : 0.9
	  logSolve ........................................ : no (0)
	  arc_length ...................................... : 0
	  arc_length_scale ................................ : 0
	qn_method: (type: BFGS)
	    max_ups ....................................... : 15
	    max_buffer_size ............................... : 0
	    cycle_buffer .................................. : yes (1)
	    cmax .......................................... : 100000




 MATERIAL DATA
===========================================================================
  1 - skin (type: Mooney-Rivlin)
	density ........................................... : (not constant)
	k ................................................. : 550000
	pressure_model .................................... : default (0)
	c1 ................................................ : (not constant)
	c2 ................................................ : (not constant)
---------------------------------------------------------------------------
  2 - adipose (type: Mooney-Rivlin)
	density ........................................... : (not constant)
	k ................................................. : 450000
	pressure_model .................................... : default (0)
	c1 ................................................ : (not constant)
	c2 ................................................ : (not constant)
---------------------------------------------------------------------------
  3 - glandular (type: Mooney-Rivlin)
	density ........................................... : (not constant)
	k ................................................. : 450000
	pressure_model .................................... : default (0)
	c1 ................................................ : (not constant)
	c2 ................................................ : (not constant)


 BOUNDARY CONDITION DATA
===========================================================================
  1 -  Type: zero displacement
	x_dof ............................................. : yes (1)
	y_dof ............................................. : yes (1)
	z_dof ............................................. : yes (1)
---------------------------------------------------------------------------
  2 -  Type: prescribed displacement
	dof ............................................... : 2
	value ............................................. : 1
	relative .......................................... : no (0)
---------------------------------------------------------------------------
  3 -  Type: zero displacement
	x_dof ............................................. : yes (1)
	y_dof ............................................. : yes (1)
	z_dof ............................................. : no (0)


 MODEL LOAD DATA
===========================================================================
  1 -  Type: body force
	force ............................................. : 0, 0, 9.81
---------------------------------------------------------------------------
  2 -  Type: mass damping
	C ................................................. : 20


 LOAD CONTROLLER DATA
===========================================================================
load controller   1 - LC1 (type: loadcurve)
	interpolate ....................................... : LINEAR (0)
	extend ............................................ : CONSTANT (0)
	points ............................................ : (can't display value)
---------------------------------------------------------------------------
load controller   2 - LC2 (type: loadcurve)
	interpolate ....................................... : LINEAR (0)
	extend ............................................ : CONSTANT (0)
	points ............................................ : (can't display value)
---------------------------------------------------------------------------
load controller   3 - LC3 (type: loadcurve)
	interpolate ....................................... : LINEAR (0)
	extend ............................................ : CONSTANT (0)
	points ............................................ : (can't display value)


 OUTPUT DATA
===========================================================================
 LINEAR SOLVER DATA
===========================================================================
	Default linear solver ............................. : pardiso


 *************************************************************************
 * Selecting linear solver pardiso                                       *
 *************************************************************************

===== beginning time step 1 : 0.04 =====


Reforming stiffness matrix: reformation #1

===== reforming stiffness matrix:
	Nr of equations ........................... : 61509
	Nr of nonzeroes in stiffness matrix ....... : 2528673
 1
 Nonlinear solution status: time= 0.04
	stiffness updates             = 0
	right hand side evaluations   = 2
	stiffness matrix reformations = 1
	step from line search         = 1.000000
	convergence norms :     INITIAL         CURRENT         REQUIRED
	   residual            1.091277e-05    1.358240e-01    0.000000e+00 
	   energy              2.772444e-04    2.477228e-05    1.108978e-06 
	   displacement        2.575858e-02    2.575858e-02    2.575858e-08 
 2
 Nonlinear solution status: time= 0.04
	stiffness updates             = 1
	right hand side evaluations   = 4
	stiffness matrix reformations = 1
	step from line search         = 0.586075
	convergence norms :     INITIAL         CURRENT         REQUIRED
	   residual            1.091277e-05    2.340604e-02    0.000000e+00 
	   energy              2.772444e-04    4.976761e-06    1.108978e-06 
	   displacement        2.575858e-02    1.461481e-05    2.524803e-08 
 3
 Nonlinear solution status: time= 0.04
	stiffness updates             = 2
	right hand side evaluations   = 5
	stiffness matrix reformations = 1
	step from line search         = 1.000000
	convergence norms :     INITIAL         CURRENT         REQUIRED
	   residual            1.091277e-05    2.259346e-02    0.000000e+00 
	   energy              2.772444e-04    2.224124e-06    1.108978e-06 
	   displacement        2.575858e-02    1.735028e-05    2.404338e-08 
 4
 Nonlinear solution status: time= 0.04
	stiffness updates             = 3
	right hand side evaluations   = 6
	stiffness matrix reformations = 1
	step from line search         = 1.000000
	convergence norms :     INITIAL         CURRENT         REQUIRED
	   residual            1.091277e-05    6.653989e-03    0.000000e+00 
	   energy              2.772444e-04    1.001739e-06    1.108978e-06 
	   displacement        2.575858e-02    1.152611e-05    2.475302e-08 
 5
 Nonlinear solution status: time= 0.04
	stiffness updates             = 4
	right hand side evaluations   = 7
	stiffness matrix reformations = 1
	step from line search         = 1.000000
	convergence norms :     INITIAL         CURRENT         REQUIRED
	   residual            1.091277e-05    8.001442e-03    0.000000e+00 
	   energy              2.772444e-04    5.751836e-07    1.108978e-06 
	   displacement        2.575858e-02    1.084480e-05    2.570773e-08 
 6
 Nonlinear solution status: time= 0.04
	stiffness updates             = 5
	right hand side evaluations   = 8
	stiffness matrix reformations = 1
	step from line search         = 1.000000
	convergence norms :     INITIAL         CURRENT         REQUIRED
	   residual            1.091277e-05    2.595803e-03    0.000000e+00 
	   energy              2.772444e-04    2.948896e-07    1.108978e-06 
	   displacement        2.575858e-02    7.238298e-07    2.580414e-08 
 7
 Nonlinear solution status: time= 0.04
	stiffness updates             = 6
	right hand side evaluations   = 9
	stiffness matrix reformations = 1
	step from line search         = 1.000000
	convergence norms :     INITIAL         CURRENT         REQUIRED
	   residual            1.091277e-05    2.342827e-03    0.000000e+00 
	   energy              2.772444e-04    1.855710e-07    1.108978e-06 
	   displacement        2.575858e-02    9.831946e-07    2.558640e-08 
 8
 Nonlinear solution status: time= 0.04
	stiffness updates             = 7
	right hand side evaluations   = 10
	stiffness matrix reformations = 1
	step from line search         = 1.000000
	convergence norms :     INITIAL         CURRENT         REQUIRED
	   residual            1.091277e-05    7.871898e-04    0.000000e+00 
	   energy              2.772444e-04    1.079983e-07    1.108978e-06 
	   displacement        2.575858e-02    2.333108e-07    2.564598e-08 
 9
 Nonlinear solution status: time= 0.04
	stiffness updates             = 8
	right hand side evaluations   = 11
	stiffness matrix reformations = 1
	step from line search         = 1.000000
	convergence norms :     INITIAL         CURRENT         REQUIRED
	   residual            1.091277e-05    5.649370e-04    0.000000e+00 
	   energy              2.772444e-04    7.598585e-08    1.108978e-06 
	   displacement        2.575858e-02    3.841059e-07    2.580579e-08 
 10
 Nonlinear solution status: time= 0.04
	stiffness updates             = 9
	right hand side evaluations   = 12
	stiffness matrix reformations = 1
	step from line search         = 1.000000
	convergence norms :     INITIAL         CURRENT         REQUIRED
	   residual            1.091277e-05    5.139961e-04    0.000000e+00 
	   energy              2.772444e-04    3.783340e-08    1.108978e-06 
	   displacement        2.575858e-02    8.789710e-08    2.578645e-08 
 11
 Nonlinear solution status: time= 0.04
	stiffness updates             = 10
	right hand side evaluations   = 14
	stiffness matrix reformations = 1
	step from line search         = 0.622558
	convergence norms :     INITIAL         CURRENT         REQUIRED
	   residual            1.091277e-05    1.967461e-04    0.000000e+00 
	   energy              2.772444e-04    5.321938e-09    1.108978e-06 
	   displacement        2.575858e-02    3.844365e-08    2.574242e-08 
 12
 Nonlinear solution status: time= 0.04
	stiffness updates             = 11
	right hand side evaluations   = 16
	stiffness matrix reformations = 1
	step from line search         = 0.593224
	convergence norms :     INITIAL         CURRENT         REQUIRED
	   residual            1.091277e-05    3.732315e-05    0.000000e+00 
	   energy              2.772444e-04    2.515312e-09    1.108978e-06 
	   displacement        2.575858e-02    4.562573e-09    2.573671e-08 

convergence summary
    number of iterations   : 12
    number of reformations : 1

------- converged at time : 0.04


===== beginning time step 2 : 0.08 =====


Reforming stiffness matrix: reformation #1

 1
 Nonlinear solution status: time= 0.08
	stiffness updates             = 0
	right hand side evaluations   = 2
	stiffness matrix reformations = 1
	step from line search         = 1.000000
	convergence norms :     INITIAL         CURRENT         REQUIRED
	   residual            4.825002e-05    1.304435e-01    0.000000e+00 
	   energy              2.774408e-04    2.454727e-05    1.109763e-06 
	   displacement        2.578575e-02    2.578575e-02    2.578575e-08 
 2
 Nonlinear solution status: time= 0.08
	stiffness updates             = 1
	right hand side evaluations   = 4
	stiffness matrix reformations = 1
	step from line search         = 0.587007
	convergence norms :     INITIAL         CURRENT         REQUIRED
	   residual            4.825002e-05    2.120131e-02    0.000000e+00 
	   energy              2.774408e-04    4.895348e-06    1.109763e-06 
	   displacement        2.578575e-02    1.471715e-05    2.527237e-08 
 3
 Nonlinear solution status: time= 0.08
	stiffness updates             = 2
	right hand side evaluations   = 5
	stiffness matrix reformations = 1
	step from line search         = 1.000000
	convergence norms :     INITIAL         CURRENT         REQUIRED
	   residual            4.825002e-05    2.091303e-02    0.000000e+00 
	   energy              2.774408e-04    2.098709e-06    1.109763e-06 
	   displacement        2.578575e-02    1.697438e-05    2.408939e-08 
 4
 Nonlinear solution status: time= 0.08
	stiffness updates             = 3
	right hand side evaluations   = 6
	stiffness matrix reformations = 1
	step from line search         = 1.000000
	convergence norms :     INITIAL         CURRENT         REQUIRED
	   residual            4.825002e-05    6.730524e-03    0.000000e+00 
	   energy              2.774408e-04    9.546254e-07    1.109763e-06 
	   displacement        2.578575e-02    1.188306e-05    2.481448e-08 
 5
 Nonlinear solution status: time= 0.08
	stiffness updates             = 4
	right hand side evaluations   = 7
	stiffness matrix reformations = 1
	step from line search         = 1.000000
	convergence norms :     INITIAL         CURRENT         REQUIRED
	   residual            4.825002e-05    6.934539e-03    0.000000e+00 
	   energy              2.774408e-04    5.302537e-07    1.109763e-06 
	   displacement        2.578575e-02    1.052011e-05    2.575287e-08 
 6
 Nonlinear solution status: time= 0.08
	stiffness updates             = 5
	right hand side evaluations   = 8
	stiffness matrix reformations = 1
	step from line search         = 1.000000
	convergence norms :     INITIAL         CURRENT         REQUIRED
	   residual            4.825002e-05    2.345553e-03    0.000000e+00 
	   energy              2.774408e-04    2.618180e-07    1.109763e-06 
	   displacement        2.578575e-02    7.412291e-07    2.584064e-08 
 7
 Nonlinear solution status: time= 0.08
	stiffness updates             = 6
	right hand side evaluations   = 9
	stiffness matrix reformations = 1
	step from line search         = 1.000000
	convergence norms :     INITIAL         CURRENT         REQUIRED
	   residual            4.825002e-05    2.162873e-03    0.000000e+00 
	   energy              2.774408e-04    1.710698e-07    1.109763e-06 
	   displacement        2.578575e-02    8.683731e-07    2.563874e-08 
 8
 Nonlinear solution status: time= 0.08
	stiffness updates             = 7
	right hand side evaluations   = 10
	stiffness matrix reformations = 1
	step from line search         = 1.000000
	convergence norms :     INITIAL         CURRENT         REQUIRED
	   residual            4.825002e-05    8.304962e-04    0.000000e+00 
	   energy              2.774408e-04    1.117470e-07    1.109763e-06 
	   displacement        2.578575e-02    2.049293e-07    2.569245e-08 
 9
 Nonlinear solution status: time= 0.08
	stiffness updates             = 8
	right hand side evaluations   = 12
	stiffness matrix reformations = 1
	step from line search         = 0.663906
	convergence norms :     INITIAL         CURRENT         REQUIRED
	   residual            4.825002e-05    3.280767e-04    0.000000e+00 
	   energy              2.774408e-04    1.095114e-08    1.109763e-06 
	   displacement        2.578575e-02    1.652780e-07    2.579382e-08 
 10
 Nonlinear solution status: time= 0.08
	stiffness updates             = 9
	right hand side evaluations   = 14
	stiffness matrix reformations = 1
	step from line search         = 0.606228
	convergence norms :     INITIAL         CURRENT         REQUIRED
	   residual            4.825002e-05    8.588835e-05    0.000000e+00 
	   energy              2.774408e-04    5.958078e-09    1.109763e-06 
	   displacement        2.578575e-02    2.167227e-08    2.581731e-08 

convergence summary
    number of iterations   : 10
    number of reformations : 1

------- converged at time : 0.08


===== beginning time step 3 : 0.12 =====


Reforming stiffness matrix: reformation #1

 1
 Nonlinear solution status: time= 0.12
	stiffness updates             = 0
	right hand side evaluations   = 2
	stiffness matrix reformations = 1
	step from line search         = 1.000000
	convergence norms :     INITIAL         CURRENT         REQUIRED
	   residual            9.715883e-05    1.318819e-01    0.000000e+00 
	   energy              2.772644e-04    2.482281e-05    1.109058e-06 
	   displacement        2.575751e-02    2.575751e-02    2.575751e-08 
 2
