*******************************************
***COMSOL 6.4.0.378 progress output file***
*******************************************
Fri May 01 15:53:24 CEST 2026
COMSOL Multiphysics 6.4 (Build: 378) starting in batch mode
Running: C:\Users\20223231\ews_fem_clean\runs\comsol_full_overnight_suite\output_full_baseline_reference_v2_gland_minimal_comsol\build\full_baseline_reference_v2_gland_minimal_comsol_comsol_builder.class
---------- Current Progress: 100 % - Updating selections
Memory: 516/526 566/578
           Current Progress:   0 % - Sphere
Memory: 479/526 536/578
           Current Progress:   8 % - Block
Memory: 487/526 541/578
-          Current Progress:  17 % - Intersection
-          Current Progress:  17 % - Performing Boolean operation
Memory: 489/526 542/578
           Current Progress:   0 % - Union
Memory: 490/526 542/578
           Current Progress:   0 % - Performing Boolean operation
           Current Progress:   0 % - Cylinder
Memory: 491/526 543/578
           Current Progress:   0 % - Block 2
Memory: 493/526 543/578
           Current Progress:   0 % - Ellipsoid
Memory: 494/526 544/578
           Current Progress:   0 % - Ellipsoid 2
Memory: 693/797 730/843
           Current Progress:   0 % - Ellipsoid 3
           Current Progress:   0 % - Ellipsoid 4
Memory: 694/797 730/843
           Current Progress:   0 % - Ellipsoid 1
           Current Progress:   1 % - Ellipsoid 2a
Memory: 694/797 731/843
           Current Progress:   1 % - Ellipsoid 3a
Memory: 696/797 732/843
           Current Progress:   1 % - Ellipsoid 4a
Memory: 701/797 738/843
           Current Progress:   1 % - Ellipsoid 5
           Current Progress:   1 % - Ellipsoid 6
Memory: 699/797 736/843
           Current Progress:   1 % - Ellipsoid 7
Memory: 700/797 736/843
           Current Progress:   1 % - Ellipsoid 8
Memory: 702/797 739/843
           Current Progress:   2 % - Ellipsoid 9
Memory: 704/797 741/843
           Current Progress:   2 % - Ellipsoid 10
Memory: 708/797 744/843
           Current Progress:   2 % - Ellipsoid 1a
Memory: 712/797 748/843
           Current Progress:   2 % - Ellipsoid 2b
Memory: 710/797 746/843
           Current Progress:   2 % - Ellipsoid 3b
Memory: 690/797 728/843
           Current Progress:   2 % - Ellipsoid 4b
           Current Progress:   2 % - Ellipsoid 5a
           Current Progress:   3 % - Ellipsoid 6a
           Current Progress:   3 % - Ellipsoid 7a
           Current Progress:   3 % - Ellipsoid 8a
Memory: 691/797 728/843
           Current Progress:   3 % - Ellipsoid 9a
           Current Progress:   3 % - Ellipsoid 10a
           Current Progress:   3 % - Ellipsoid 11
Memory: 691/797 729/843
           Current Progress:   3 % - Ellipsoid 12
           Current Progress:   4 % - Ellipsoid 13
           Current Progress:   4 % - Ellipsoid 14
           Current Progress:   4 % - Ellipsoid 15
Memory: 692/797 730/843
           Current Progress:   4 % - Ellipsoid 16
           Current Progress:   4 % - Ellipsoid 17
           Current Progress:   4 % - Ellipsoid 18
           Current Progress:   4 % - Union 1
           Current Progress:   4 % - Performing Boolean operation
Memory: 698/797 733/843
           Current Progress:   6 % - Ellipsoid 1b
Memory: 706/797 744/843
           Current Progress:   6 % - Ellipsoid 2c
           Current Progress:   6 % - Ellipsoid 3c
           Current Progress:   6 % - Ellipsoid 4c
           Current Progress:   6 % - Ellipsoid 5b
           Current Progress:   7 % - Ellipsoid 6b
           Current Progress:   7 % - Ellipsoid 7b
           Current Progress:   7 % - Ellipsoid 8b
           Current Progress:   7 % - Ellipsoid 19
Memory: 707/797 744/843
           Current Progress:   7 % - Ellipsoid 20
           Current Progress:   7 % - Ellipsoid 1c
           Current Progress:   7 % - Ellipsoid 2d
           Current Progress:   8 % - Ellipsoid 3d
           Current Progress:   8 % - Ellipsoid 4d
           Current Progress:   8 % - Ellipsoid 5c
           Current Progress:   8 % - Ellipsoid 6c
           Current Progress:   8 % - Ellipsoid 7c
           Current Progress:   8 % - Ellipsoid 8c
           Current Progress:   8 % - Ellipsoid 9b
           Current Progress:   9 % - Ellipsoid 10b
Memory: 707/797 745/843
           Current Progress:   9 % - Ellipsoid 11a
           Current Progress:   9 % - Ellipsoid 12a
           Current Progress:   9 % - Ellipsoid 13a
           Current Progress:   9 % - Ellipsoid 14a
           Current Progress:   9 % - Ellipsoid 15a
           Current Progress:   9 % - Ellipsoid 16a
-          Current Progress:  10 % - Ellipsoid 17a
-          Current Progress:  10 % - Ellipsoid 18a
-          Current Progress:  10 % - Union 2
-          Current Progress:  10 % - Performing Boolean operation
Memory: 712/797 750/843
-          Current Progress:  11 % - Ellipsoid 1d
Memory: 719/797 756/843
-          Current Progress:  11 % - Ellipsoid 2e
-          Current Progress:  12 % - Ellipsoid 3e
-          Current Progress:  12 % - Ellipsoid 4e
-          Current Progress:  12 % - Ellipsoid 5d
-          Current Progress:  12 % - Ellipsoid 6d
-          Current Progress:  12 % - Ellipsoid 7d
-          Current Progress:  12 % - Ellipsoid 8d
-          Current Progress:  12 % - Ellipsoid 21
Memory: 720/797 756/843
-          Current Progress:  13 % - Ellipsoid 22
-          Current Progress:  13 % - Ellipsoid 1e
-          Current Progress:  13 % - Ellipsoid 2f
-          Current Progress:  13 % - Ellipsoid 3f
-          Current Progress:  13 % - Ellipsoid 4f
-          Current Progress:  13 % - Ellipsoid 5e
-          Current Progress:  13 % - Ellipsoid 6e
-          Current Progress:  14 % - Ellipsoid 7e
-          Current Progress:  14 % - Ellipsoid 8e
-          Current Progress:  14 % - Ellipsoid 9c
-          Current Progress:  14 % - Ellipsoid 10c
-          Current Progress:  14 % - Ellipsoid 11b
-          Current Progress:  14 % - Ellipsoid 12b
-          Current Progress:  14 % - Ellipsoid 13b
Memory: 722/797 758/843
-          Current Progress:  15 % - Ellipsoid 14b
-          Current Progress:  15 % - Ellipsoid 15b
-          Current Progress:  15 % - Ellipsoid 16b
-          Current Progress:  15 % - Ellipsoid 17b
-          Current Progress:  15 % - Ellipsoid 18b
-          Current Progress:  15 % - Union 3
-          Current Progress:  15 % - Performing Boolean operation
Memory: 727/797 763/843
-          Current Progress:  17 % - Ellipsoid 1f
Memory: 706/797 746/843
-          Current Progress:  17 % - Ellipsoid 2g
-          Current Progress:  17 % - Ellipsoid 3g
-          Current Progress:  17 % - Ellipsoid 4g
-          Current Progress:  17 % - Ellipsoid 5f
-          Current Progress:  18 % - Ellipsoid 6f
-          Current Progress:  18 % - Ellipsoid 7f
-          Current Progress:  18 % - Ellipsoid 8f
Memory: 707/797 746/843
-          Current Progress:  18 % - Ellipsoid 23
-          Current Progress:  18 % - Ellipsoid 24
-          Current Progress:  18 % - Ellipsoid 1g
Memory: 721/797 761/843
-          Current Progress:  18 % - Ellipsoid 2h
Memory: 722/797 762/843
-          Current Progress:  19 % - Ellipsoid 3h
Memory: 724/797 763/843
-          Current Progress:  19 % - Ellipsoid 4h
-          Current Progress:  19 % - Ellipsoid 5g
-          Current Progress:  19 % - Ellipsoid 6g
-          Current Progress:  19 % - Ellipsoid 7g
-          Current Progress:  19 % - Ellipsoid 8g
-          Current Progress:  19 % - Ellipsoid 9d
--         Current Progress:  20 % - Ellipsoid 10d
--         Current Progress:  20 % - Ellipsoid 11c
--         Current Progress:  20 % - Ellipsoid 12c
--         Current Progress:  20 % - Ellipsoid 13c
--         Current Progress:  20 % - Ellipsoid 14c
--         Current Progress:  20 % - Ellipsoid 15c
--         Current Progress:  20 % - Ellipsoid 16c
--         Current Progress:  21 % - Ellipsoid 17c
--         Current Progress:  21 % - Ellipsoid 18c
Memory: 733/797 764/843
--         Current Progress:  21 % - Union 4
--         Current Progress:  21 % - Performing Boolean operation
Memory: 737/797 768/843
--         Current Progress:  22 % - Ellipsoid 1h
Memory: 742/797 772/843
--         Current Progress:  22 % - Ellipsoid 2i
--         Current Progress:  23 % - Ellipsoid 3i
--         Current Progress:  23 % - Ellipsoid 4i
Memory: 743/797 772/843
--         Current Progress:  23 % - Ellipsoid 5h
--         Current Progress:  23 % - Ellipsoid 6h
--         Current Progress:  23 % - Ellipsoid 7h
--         Current Progress:  23 % - Ellipsoid 8h
Memory: 745/797 773/843
--         Current Progress:  23 % - Ellipsoid 25
--         Current Progress:  24 % - Ellipsoid 26
--         Current Progress:  24 % - Ellipsoid 1i
--         Current Progress:  24 % - Ellipsoid 2j
--         Current Progress:  24 % - Ellipsoid 3j
--         Current Progress:  24 % - Ellipsoid 4j
--         Current Progress:  24 % - Ellipsoid 5i
Memory: 746/797 773/843
--         Current Progress:  24 % - Ellipsoid 6i
--         Current Progress:  25 % - Ellipsoid 7i
--         Current Progress:  25 % - Ellipsoid 8i
--         Current Progress:  25 % - Ellipsoid 9e
--         Current Progress:  25 % - Ellipsoid 10e
--         Current Progress:  25 % - Ellipsoid 11d
--         Current Progress:  25 % - Ellipsoid 12d
--         Current Progress:  25 % - Ellipsoid 13d
Memory: 746/797 774/843
--         Current Progress:  26 % - Ellipsoid 14d
--         Current Progress:  26 % - Ellipsoid 15d
--         Current Progress:  26 % - Ellipsoid 16d
--         Current Progress:  26 % - Ellipsoid 17d
--         Current Progress:  26 % - Ellipsoid 18d
--         Current Progress:  26 % - Union 5
--         Current Progress:  26 % - Performing Boolean operation
Memory: 751/797 779/843
--         Current Progress:  28 % - Ellipsoid 1j
Memory: 757/797 784/843
--         Current Progress:  28 % - Ellipsoid 2k
--         Current Progress:  28 % - Ellipsoid 3k
--         Current Progress:  28 % - Ellipsoid 4k
--         Current Progress:  28 % - Ellipsoid 5j
--         Current Progress:  28 % - Ellipsoid 6j
--         Current Progress:  29 % - Ellipsoid 7j
--         Current Progress:  29 % - Ellipsoid 8j
--         Current Progress:  29 % - Ellipsoid 27
--         Current Progress:  29 % - Ellipsoid 28
Memory: 758/797 785/843
--         Current Progress:  29 % - Ellipsoid 1k
--         Current Progress:  29 % - Ellipsoid 2l
--         Current Progress:  29 % - Ellipsoid 3l
---        Current Progress:  30 % - Ellipsoid 4l
---        Current Progress:  30 % - Ellipsoid 5k
---        Current Progress:  30 % - Ellipsoid 6k
---        Current Progress:  30 % - Ellipsoid 7k
Memory: 759/797 785/843
---        Current Progress:  30 % - Ellipsoid 8k
---        Current Progress:  30 % - Ellipsoid 9f
---        Current Progress:  30 % - Ellipsoid 10f
---        Current Progress:  31 % - Ellipsoid 11e
---        Current Progress:  31 % - Ellipsoid 12e
---        Current Progress:  31 % - Ellipsoid 13e
---        Current Progress:  31 % - Ellipsoid 14e
---        Current Progress:  31 % - Ellipsoid 15e
---        Current Progress:  31 % - Ellipsoid 16e
---        Current Progress:  31 % - Ellipsoid 17e
---        Current Progress:  32 % - Ellipsoid 18e
---        Current Progress:  32 % - Union 6
---        Current Progress:  32 % - Performing Boolean operation
Memory: 764/797 790/843
---        Current Progress:  33 % - Ellipsoid 1l
Memory: 770/797 796/843
---        Current Progress:  33 % - Ellipsoid 2m
---        Current Progress:  33 % - Ellipsoid 3m
---        Current Progress:  34 % - Ellipsoid 4m
---        Current Progress:  34 % - Ellipsoid 5l
---        Current Progress:  34 % - Ellipsoid 6l
---        Current Progress:  34 % - Ellipsoid 7l
---        Current Progress:  34 % - Ellipsoid 8l
---        Current Progress:  34 % - Ellipsoid 29
Memory: 771/797 796/843
---        Current Progress:  34 % - Ellipsoid 30
---        Current Progress:  35 % - Ellipsoid 1m
---        Current Progress:  35 % - Ellipsoid 2n
---        Current Progress:  35 % - Ellipsoid 3n
---        Current Progress:  35 % - Ellipsoid 4n
---        Current Progress:  35 % - Ellipsoid 5m
---        Current Progress:  35 % - Ellipsoid 6m
---        Current Progress:  35 % - Ellipsoid 7m
Memory: 762/797 787/843
---        Current Progress:  36 % - Ellipsoid 8m
Memory: 757/797 781/843
---        Current Progress:  36 % - Ellipsoid 9g
Memory: 757/797 782/843
---        Current Progress:  36 % - Ellipsoid 10g
Memory: 758/797 783/843
---        Current Progress:  36 % - Ellipsoid 11f
Memory: 759/797 783/843
---        Current Progress:  36 % - Ellipsoid 12f
---        Current Progress:  36 % - Ellipsoid 13f
---        Current Progress:  36 % - Ellipsoid 14f
---        Current Progress:  37 % - Ellipsoid 15f
---        Current Progress:  37 % - Ellipsoid 16f
---        Current Progress:  37 % - Ellipsoid 17f
---        Current Progress:  37 % - Ellipsoid 18f
---        Current Progress:  37 % - Union 7
---        Current Progress:  37 % - Performing Boolean operation
Memory: 761/797 786/843
---        Current Progress:  39 % - Ellipsoid 1n
Memory: 767/797 792/843
---        Current Progress:  39 % - Ellipsoid 2o
Memory: 768/797 792/843
---        Current Progress:  39 % - Ellipsoid 3o
---        Current Progress:  39 % - Ellipsoid 4o
---        Current Progress:  39 % - Ellipsoid 5n
Memory: 769/797 792/843
---        Current Progress:  39 % - Ellipsoid 6n
---        Current Progress:  39 % - Ellipsoid 7n
----       Current Progress:  40 % - Ellipsoid 8n
----       Current Progress:  40 % - Ellipsoid 31
----       Current Progress:  40 % - Ellipsoid 32
Memory: 769/797 793/843
----       Current Progress:  40 % - Ellipsoid 1o
----       Current Progress:  40 % - Ellipsoid 2p
----       Current Progress:  40 % - Ellipsoid 3p
----       Current Progress:  40 % - Ellipsoid 4p
----       Current Progress:  41 % - Ellipsoid 5o
Memory: 771/797 795/843
----       Current Progress:  41 % - Ellipsoid 6o
----       Current Progress:  41 % - Ellipsoid 7o
----       Current Progress:  41 % - Ellipsoid 8o
Memory: 772/797 795/843
----       Current Progress:  41 % - Ellipsoid 9h
----       Current Progress:  41 % - Ellipsoid 10h
----       Current Progress:  41 % - Ellipsoid 11g
----       Current Progress:  42 % - Ellipsoid 12g
----       Current Progress:  42 % - Ellipsoid 13g
----       Current Progress:  42 % - Ellipsoid 14g
----       Current Progress:  42 % - Ellipsoid 15g
----       Current Progress:  42 % - Ellipsoid 16g
----       Current Progress:  42 % - Ellipsoid 17g
----       Current Progress:  42 % - Ellipsoid 18g
----       Current Progress:  43 % - Union 8
----       Current Progress:  43 % - Performing Boolean operation
Memory: 775/797 799/843
----       Current Progress:  44 % - Ellipsoid 1p
Memory: 779/797 806/843
----       Current Progress:  44 % - Ellipsoid 2q
----       Current Progress:  44 % - Ellipsoid 3q
----       Current Progress:  44 % - Ellipsoid 4q
Memory: 780/797 807/843
----       Current Progress:  45 % - Ellipsoid 5p
Memory: 780/797 806/843
----       Current Progress:  45 % - Ellipsoid 6p
----       Current Progress:  45 % - Ellipsoid 7p
Memory: 780/797 807/843
----       Current Progress:  45 % - Ellipsoid 8p
----       Current Progress:  45 % - Ellipsoid 33
----       Current Progress:  45 % - Ellipsoid 34
Memory: 781/797 808/843
----       Current Progress:  45 % - Ellipsoid 1q
----       Current Progress:  46 % - Ellipsoid 2r
----       Current Progress:  46 % - Ellipsoid 3r
----       Current Progress:  46 % - Ellipsoid 4r
----       Current Progress:  46 % - Ellipsoid 5q
Memory: 782/797 809/843
----       Current Progress:  46 % - Ellipsoid 6q
----       Current Progress:  46 % - Ellipsoid 7q
----       Current Progress:  46 % - Ellipsoid 8q
----       Current Progress:  47 % - Ellipsoid 9i
----       Current Progress:  47 % - Ellipsoid 10i
----       Current Progress:  47 % - Ellipsoid 11h
----       Current Progress:  47 % - Ellipsoid 12h
----       Current Progress:  47 % - Ellipsoid 13h
----       Current Progress:  47 % - Ellipsoid 14h
----       Current Progress:  47 % - Ellipsoid 15h
----       Current Progress:  48 % - Ellipsoid 16h
----       Current Progress:  48 % - Ellipsoid 17h
----       Current Progress:  48 % - Ellipsoid 18h
----       Current Progress:  48 % - Union 9
----       Current Progress:  48 % - Performing Boolean operation
Memory: 786/797 813/843
----       Current Progress:  49 % - Ellipsoid 1r
Memory: 790/797 816/843
-----      Current Progress:  50 % - Ellipsoid 2s
-----      Current Progress:  50 % - Ellipsoid 3s
-----      Current Progress:  50 % - Ellipsoid 4s
Memory: 790/797 817/843
-----      Current Progress:  50 % - Ellipsoid 5r
-----      Current Progress:  50 % - Ellipsoid 6r
-----      Current Progress:  50 % - Ellipsoid 7r
-----      Current Progress:  51 % - Ellipsoid 8r
-----      Current Progress:  51 % - Ellipsoid 35
-----      Current Progress:  51 % - Ellipsoid 36
Memory: 791/797 817/843
-----      Current Progress:  51 % - Ellipsoid 1s
-----      Current Progress:  51 % - Ellipsoid 2t
-----      Current Progress:  51 % - Ellipsoid 3t
-----      Current Progress:  51 % - Ellipsoid 4t
-----      Current Progress:  52 % - Ellipsoid 5s
-----      Current Progress:  52 % - Ellipsoid 6s
-----      Current Progress:  52 % - Ellipsoid 7s
-----      Current Progress:  52 % - Ellipsoid 8s
-----      Current Progress:  52 % - Ellipsoid 9j
-----      Current Progress:  52 % - Ellipsoid 10j
-----      Current Progress:  52 % - Ellipsoid 11i
-----      Current Progress:  53 % - Ellipsoid 12i
-----      Current Progress:  53 % - Ellipsoid 13i
-----      Current Progress:  53 % - Ellipsoid 14i
-----      Current Progress:  53 % - Ellipsoid 15i
-----      Current Progress:  53 % - Ellipsoid 16i
-----      Current Progress:  53 % - Ellipsoid 17i
Memory: 791/797 818/843
-----      Current Progress:  53 % - Ellipsoid 18i
Memory: 792/797 818/843
-----      Current Progress:  54 % - Union 10
-----      Current Progress:  54 % - Performing Boolean operation
Memory: 796/797 823/843
-----      Current Progress:  55 % - Ellipsoid 1t
Memory: 801/801 827/843
-----      Current Progress:  55 % - Ellipsoid 2u
-----      Current Progress:  55 % - Ellipsoid 3u
-----      Current Progress:  55 % - Ellipsoid 4u
-----      Current Progress:  56 % - Ellipsoid 5t
-----      Current Progress:  56 % - Ellipsoid 6t
-----      Current Progress:  56 % - Ellipsoid 7t
-----      Current Progress:  56 % - Ellipsoid 8t
-----      Current Progress:  56 % - Ellipsoid 37
-----      Current Progress:  56 % - Ellipsoid 38
-----      Current Progress:  56 % - Ellipsoid 1u
-----      Current Progress:  57 % - Ellipsoid 2v
-----      Current Progress:  57 % - Ellipsoid 3v
-----      Current Progress:  57 % - Ellipsoid 4v
-----      Current Progress:  57 % - Ellipsoid 5u
-----      Current Progress:  57 % - Ellipsoid 6u
-----      Current Progress:  57 % - Ellipsoid 7u
-----      Current Progress:  57 % - Ellipsoid 8u
-----      Current Progress:  58 % - Ellipsoid 9k
Memory: 802/802 828/843
-----      Current Progress:  58 % - Ellipsoid 10k
Memory: 803/803 828/843
-----      Current Progress:  58 % - Ellipsoid 11j
Memory: 812/812 838/843
-----      Current Progress:  58 % - Ellipsoid 12j
Memory: 816/816 842/843
-----      Current Progress:  58 % - Ellipsoid 13j
-----      Current Progress:  58 % - Ellipsoid 14j
Memory: 818/821 844/847
-----      Current Progress:  58 % - Ellipsoid 15j
-----      Current Progress:  59 % - Ellipsoid 16j
-----      Current Progress:  59 % - Ellipsoid 17j
Memory: 821/823 846/848
-----      Current Progress:  59 % - Ellipsoid 18j
-----      Current Progress:  59 % - Union 11
Memory: 818/823 844/848
-----      Current Progress:  59 % - Performing Boolean operation
Memory: 819/823 844/848
------     Current Progress:  60 % - Ellipsoid 1v
Memory: 822/823 847/848
------     Current Progress:  61 % - Ellipsoid 2w
------     Current Progress:  61 % - Ellipsoid 3w
------     Current Progress:  61 % - Ellipsoid 4w
------     Current Progress:  61 % - Ellipsoid 5v
------     Current Progress:  61 % - Ellipsoid 6v
------     Current Progress:  61 % - Ellipsoid 7v
------     Current Progress:  61 % - Ellipsoid 8v
------     Current Progress:  62 % - Ellipsoid 39
------     Current Progress:  62 % - Ellipsoid 40
------     Current Progress:  62 % - Ellipsoid 1w
------     Current Progress:  62 % - Ellipsoid 2x
------     Current Progress:  62 % - Ellipsoid 3x
------     Current Progress:  62 % - Ellipsoid 4x
------     Current Progress:  62 % - Ellipsoid 5w
------     Current Progress:  63 % - Ellipsoid 6w
------     Current Progress:  63 % - Ellipsoid 7w
------     Current Progress:  63 % - Ellipsoid 8w
------     Current Progress:  63 % - Ellipsoid 9l
Memory: 823/823 848/848
------     Current Progress:  63 % - Ellipsoid 10l
------     Current Progress:  63 % - Ellipsoid 11k
------     Current Progress:  63 % - Ellipsoid 12k
------     Current Progress:  64 % - Ellipsoid 13k
------     Current Progress:  64 % - Ellipsoid 14k
------     Current Progress:  64 % - Ellipsoid 15k
------     Current Progress:  64 % - Ellipsoid 16k
------     Current Progress:  64 % - Ellipsoid 17k
------     Current Progress:  64 % - Ellipsoid 18k
------     Current Progress:  64 % - Union 12
------     Current Progress:  64 % - Performing Boolean operation
Memory: 826/826 852/852
------     Current Progress:  66 % - Ellipsoid 1x
Memory: 830/830 855/855
------     Current Progress:  66 % - Ellipsoid 2.24
------     Current Progress:  66 % - Ellipsoid 3.24
------     Current Progress:  66 % - Ellipsoid 4.24
------     Current Progress:  66 % - Ellipsoid 5x
------     Current Progress:  67 % - Ellipsoid 6x
------     Current Progress:  67 % - Ellipsoid 7x
------     Current Progress:  67 % - Ellipsoid 8x
------     Current Progress:  67 % - Ellipsoid 41
------     Current Progress:  67 % - Ellipsoid 42
Memory: 831/831 855/855
------     Current Progress:  67 % - Ellipsoid 1.24
Memory: 830/831 855/855
------     Current Progress:  67 % - Ellipsoid 2.25
Memory: 831/831 855/855
------     Current Progress:  68 % - Ellipsoid 3.25
------     Current Progress:  68 % - Ellipsoid 4.25
------     Current Progress:  68 % - Ellipsoid 5.24
------     Current Progress:  68 % - Ellipsoid 6.24
------     Current Progress:  68 % - Ellipsoid 7.24
------     Current Progress:  68 % - Ellipsoid 8.24
------     Current Progress:  68 % - Ellipsoid 9m
Memory: 831/831 856/856
------     Current Progress:  69 % - Ellipsoid 10m
------     Current Progress:  69 % - Ellipsoid 11l
------     Current Progress:  69 % - Ellipsoid 12l
------     Current Progress:  69 % - Ellipsoid 13l
------     Current Progress:  69 % - Ellipsoid 14l
------     Current Progress:  69 % - Ellipsoid 15l
------     Current Progress:  69 % - Ellipsoid 16l
-------    Current Progress:  70 % - Ellipsoid 17l
-------    Current Progress:  70 % - Ellipsoid 18l
-------    Current Progress:  70 % - Union 13
-------    Current Progress:  70 % - Performing Boolean operation
Memory: 835/835 860/860
-------    Current Progress:  71 % - Ellipsoid 1.25
Memory: 840/840 869/869
-------    Current Progress:  71 % - Ellipsoid 2.26
-------    Current Progress:  72 % - Ellipsoid 3.26
-------    Current Progress:  72 % - Ellipsoid 4.26
-------    Current Progress:  72 % - Ellipsoid 5.25
-------    Current Progress:  72 % - Ellipsoid 6.25
-------    Current Progress:  72 % - Ellipsoid 7.25
-------    Current Progress:  72 % - Ellipsoid 8.25
Memory: 841/841 869/869
-------    Current Progress:  72 % - Ellipsoid 43
-------    Current Progress:  73 % - Ellipsoid 44
-------    Current Progress:  73 % - Ellipsoid 1.26
-------    Current Progress:  73 % - Ellipsoid 2.27
-------    Current Progress:  73 % - Ellipsoid 3.27
-------    Current Progress:  73 % - Ellipsoid 4.27
-------    Current Progress:  73 % - Ellipsoid 5.26
-------    Current Progress:  73 % - Ellipsoid 6.26
-------    Current Progress:  74 % - Ellipsoid 7.26
-------    Current Progress:  74 % - Ellipsoid 8.26
-------    Current Progress:  74 % - Ellipsoid 9n
-------    Current Progress:  74 % - Ellipsoid 10n
-------    Current Progress:  74 % - Ellipsoid 11m
-------    Current Progress:  74 % - Ellipsoid 12m
-------    Current Progress:  74 % - Ellipsoid 13m
-------    Current Progress:  75 % - Ellipsoid 14m
-------    Current Progress:  75 % - Ellipsoid 15m
-------    Current Progress:  75 % - Ellipsoid 16m
-------    Current Progress:  75 % - Ellipsoid 17m
-------    Current Progress:  75 % - Ellipsoid 18m
-------    Current Progress:  75 % - Union 14
-------    Current Progress:  75 % - Performing Boolean operation
Memory: 846/846 874/874
-------    Current Progress:  77 % - Ellipsoid 1.27
Memory: 850/850 877/877
-------    Current Progress:  77 % - Ellipsoid 2.28
-------    Current Progress:  77 % - Ellipsoid 3.28
-------    Current Progress:  77 % - Ellipsoid 4.28
-------    Current Progress:  77 % - Ellipsoid 5.27
-------    Current Progress:  77 % - Ellipsoid 6.27
-------    Current Progress:  78 % - Ellipsoid 7.27
-------    Current Progress:  78 % - Ellipsoid 8.27
-------    Current Progress:  78 % - Ellipsoid 45
-------    Current Progress:  78 % - Ellipsoid 46
-------    Current Progress:  78 % - Ellipsoid 1.28
-------    Current Progress:  78 % - Ellipsoid 2.29
-------    Current Progress:  78 % - Ellipsoid 3.29
-------    Current Progress:  79 % - Ellipsoid 4.29
-------    Current Progress:  79 % - Ellipsoid 5.28
-------    Current Progress:  79 % - Ellipsoid 6.28
-------    Current Progress:  79 % - Ellipsoid 7.28
-------    Current Progress:  79 % - Ellipsoid 8.28
-------    Current Progress:  79 % - Ellipsoid 9o
-------    Current Progress:  79 % - Ellipsoid 10o
--------   Current Progress:  80 % - Ellipsoid 11n
--------   Current Progress:  80 % - Ellipsoid 12n
--------   Current Progress:  80 % - Ellipsoid 13n
--------   Current Progress:  80 % - Ellipsoid 14n
--------   Current Progress:  80 % - Ellipsoid 15n
--------   Current Progress:  80 % - Ellipsoid 16n
Memory: 851/851 877/877
--------   Current Progress:  80 % - Ellipsoid 17n
--------   Current Progress:  81 % - Ellipsoid 18n
--------   Current Progress:  81 % - Union 15
--------   Current Progress:  81 % - Performing Boolean operation
Memory: 853/853 880/880
--------   Current Progress:  82 % - Ellipsoid 1.29
Memory: 857/857 888/888
--------   Current Progress:  82 % - Ellipsoid 2.30
--------   Current Progress:  82 % - Ellipsoid 3.30
Memory: 858/859 888/889
--------   Current Progress:  83 % - Ellipsoid 4.30
--------   Current Progress:  83 % - Ellipsoid 5.29
Memory: 858/859 889/889
--------   Current Progress:  83 % - Ellipsoid 6.29
--------   Current Progress:  83 % - Ellipsoid 7.29
--------   Current Progress:  83 % - Ellipsoid 8.29
--------   Current Progress:  83 % - Ellipsoid 47
--------   Current Progress:  84 % - Ellipsoid 48
--------   Current Progress:  84 % - Ellipsoid 1.30
--------   Current Progress:  84 % - Ellipsoid 2.31
--------   Current Progress:  84 % - Ellipsoid 3.31
--------   Current Progress:  84 % - Ellipsoid 4.31
--------   Current Progress:  84 % - Ellipsoid 5.30
--------   Current Progress:  84 % - Ellipsoid 6.30
--------   Current Progress:  85 % - Ellipsoid 7.30
--------   Current Progress:  85 % - Ellipsoid 8.30
--------   Current Progress:  85 % - Ellipsoid 9p
--------   Current Progress:  85 % - Ellipsoid 10p
--------   Current Progress:  85 % - Ellipsoid 11o
--------   Current Progress:  85 % - Ellipsoid 12o
--------   Current Progress:  85 % - Ellipsoid 13o
--------   Current Progress:  86 % - Ellipsoid 14o
--------   Current Progress:  86 % - Ellipsoid 15o
--------   Current Progress:  86 % - Ellipsoid 16o
--------   Current Progress:  86 % - Ellipsoid 17o
--------   Current Progress:  86 % - Ellipsoid 18o
--------   Current Progress:  86 % - Union 16
--------   Current Progress:  86 % - Performing Boolean operation
Memory: 862/862 893/893
--------   Current Progress:  88 % - Ellipsoid 1.31
Memory: 867/867 897/897
--------   Current Progress:  88 % - Ellipsoid 2.32
--------   Current Progress:  88 % - Ellipsoid 3.32
--------   Current Progress:  88 % - Ellipsoid 4.32
Memory: 869/869 899/899
--------   Current Progress:  88 % - Ellipsoid 5.31
Memory: 867/869 897/899
--------   Current Progress:  88 % - Ellipsoid 6.31
--------   Current Progress:  89 % - Ellipsoid 7.31
--------   Current Progress:  89 % - Ellipsoid 8.31
--------   Current Progress:  89 % - Ellipsoid 49
--------   Current Progress:  89 % - Ellipsoid 50
Memory: 868/869 897/899
--------   Current Progress:  89 % - Ellipsoid 1.32
--------   Current Progress:  89 % - Ellipsoid 2.33
--------   Current Progress:  89 % - Ellipsoid 3.33
---------  Current Progress:  90 % - Ellipsoid 4.33
---------  Current Progress:  90 % - Ellipsoid 5.32
---------  Current Progress:  90 % - Ellipsoid 6.32
---------  Current Progress:  90 % - Ellipsoid 7.32
---------  Current Progress:  90 % - Ellipsoid 8.32
---------  Current Progress:  90 % - Ellipsoid 9q
---------  Current Progress:  90 % - Ellipsoid 10q
---------  Current Progress:  91 % - Ellipsoid 11p
---------  Current Progress:  91 % - Ellipsoid 12p
---------  Current Progress:  91 % - Ellipsoid 13p
---------  Current Progress:  91 % - Ellipsoid 14p
---------  Current Progress:  91 % - Ellipsoid 15p
---------  Current Progress:  91 % - Ellipsoid 16p
---------  Current Progress:  91 % - Ellipsoid 17p
---------  Current Progress:  92 % - Ellipsoid 18p
---------  Current Progress:  92 % - Union 17
---------  Current Progress:  92 % - Performing Boolean operation
Memory: 872/872 902/902
---------  Current Progress:  93 % - Ellipsoid 1.33
Memory: 876/876 906/906
---------  Current Progress:  93 % - Ellipsoid 2.34
---------  Current Progress:  93 % - Ellipsoid 3.34
---------  Current Progress:  94 % - Ellipsoid 4.34
---------  Current Progress:  94 % - Ellipsoid 5.33
---------  Current Progress:  94 % - Ellipsoid 6.33
---------  Current Progress:  94 % - Ellipsoid 7.33
Memory: 877/877 906/906
---------  Current Progress:  94 % - Ellipsoid 8.33
---------  Current Progress:  94 % - Ellipsoid 51
---------  Current Progress:  94 % - Ellipsoid 52
---------  Current Progress:  95 % - Ellipsoid 1.34
---------  Current Progress:  95 % - Ellipsoid 2.35
---------  Current Progress:  95 % - Ellipsoid 3.35
---------  Current Progress:  95 % - Ellipsoid 4.35
---------  Current Progress:  95 % - Ellipsoid 5.34
Memory: 878/878 907/907
---------  Current Progress:  95 % - Ellipsoid 6.34
Memory: 879/880 908/909
---------  Current Progress:  95 % - Ellipsoid 7.34
Memory: 880/880 910/910
---------  Current Progress:  96 % - Ellipsoid 8.34
Memory: 884/887 913/917
---------  Current Progress:  96 % - Ellipsoid 9r
Memory: 887/887 916/917
---------  Current Progress:  96 % - Ellipsoid 10r
Memory: 887/887 917/917
---------  Current Progress:  96 % - Ellipsoid 11q
Memory: 885/888 915/917
---------  Current Progress:  96 % - Ellipsoid 12q
---------  Current Progress:  96 % - Ellipsoid 13q
---------  Current Progress:  96 % - Ellipsoid 14q
---------  Current Progress:  97 % - Ellipsoid 15q
---------  Current Progress:  97 % - Ellipsoid 16q
---------  Current Progress:  97 % - Ellipsoid 17q
---------  Current Progress:  97 % - Ellipsoid 18q
---------  Current Progress:  97 % - Union 18
---------  Current Progress:  97 % - Performing Boolean operation
Memory: 887/888 915/917
---------  Current Progress:  99 % - Union 19
Memory: 891/891 919/919
---------  Current Progress:  99 % - Performing Boolean operation
Memory: 926/926 954/954
           Current Progress:   0 % - Intersection 2
Memory: 1103/1133 1142/1162
           Current Progress:   0 % - Performing Boolean operation
Memory: 1150/1151 1189/1190
           Current Progress:   0 % - Difference
Memory: 1187/1187 1224/1224
           Current Progress:   0 % - Performing Boolean operation
Memory: 1255/1255 1290/1290
           Current Progress:   0 % - Union 20
Memory: 1514/1523 1556/1565
           Current Progress:   0 % - Performing Boolean operation
Memory: 1582/1582 1624/1624
           Current Progress:   0 % - Geometry 1
Memory: 1927/2771 1975/2818
           Current Progress:   0 % - Form Union
           Current Progress:   0 % - Performing Boolean operation
Memory: 1858/2771 1906/2818

/******************/
/*****Error********/
/******************/
Error running java class.
Error while building 'Form Union' in 'Geometry 1':
Boolean geometry operation failed.
Boolean geometry operation failed.
 - Class: full_baseline_reference_v2_gland_minimal_comsol_comsol_builder
Saving model: C:\Users\20223231\ews_fem_clean\runs\comsol_full_overnight_suite\output_full_baseline_reference_v2_gland_minimal_comsol\build\full_baseline_reference_v2_gland_minimal_comsol_generated_Model.mph
Save time: 3 s.
Total time: 901 s.
