*******************************************
***COMSOL 6.4.0.378 progress output file***
*******************************************
Fri May 01 16:08:38 CEST 2026
COMSOL Multiphysics 6.4 (Build: 378) starting in batch mode
Opening file: C:\Users\20223231\ews_fem_clean\runs\comsol_full_overnight_suite\output_full_baseline_reference_v2_gland_minimal_comsol\build\full_baseline_reference_v2_gland_minimal_comsol_generated_Model.mph
Open time: 11 s.
Running: Study 1
           Current Progress:   0 % - Form Union
Memory: 949/949 992/1001
           Current Progress:   0 % - Performing Boolean operation
Memory: 1232/1232 1278/1278

/******************/
/*****Error********/
/******************/
Error in multiphysics compilation.
Error while building 'Form Union' in 'Geometry 1':
Boolean geometry operation failed.
Saving model: C:\Users\20223231\ews_fem_clean\runs\comsol_full_overnight_suite\output_full_baseline_reference_v2_gland_minimal_comsol\solve\full_baseline_reference_v2_gland_minimal_comsol_result.mph
Save time: 2 s.
Total time: 810 s.
