*******************************************
***COMSOL 6.4.0.378 progress output file***
*******************************************
Mon May 04 10:33:35 CEST 2026
COMSOL Multiphysics 6.4 (Build: 378) starting in batch mode
Running: C:\Users\20223231\ews_fem_clean\runs\comsol_full_overnight_suite\output_full_baseline_reference_simple_gland_static_baseline\build\full_baseline_reference_simple_gland_static_baseline_comsol_builder.class
---------- Current Progress: 100 % - Updating selections
Memory: 523/527 563/637
           Current Progress:   0 % - Sphere
Memory: 536/541 576/637
           Current Progress:   8 % - Ellipsoid
Memory: 546/546 582/637
-          Current Progress:  15 % - Block
Memory: 550/550 583/637
--         Current Progress:  23 % - Intersection
--         Current Progress:  23 % - Performing Boolean operation
Memory: 552/552 583/637
           Current Progress:   0 % - Union
Memory: 553/553 584/637
           Current Progress:   0 % - Performing Boolean operation
           Current Progress:   0 % - Cylinder
           Current Progress:   0 % - Block 2
Memory: 554/554 585/637
           Current Progress:   0 % - Ellipsoid 2
Memory: 555/555 585/637
           Current Progress:   0 % - Ellipsoid 3
Memory: 555/555 586/637
           Current Progress:   0 % - Union 2
Memory: 556/556 587/637
           Current Progress:   0 % - Performing Boolean operation
Memory: 557/557 587/637
           Current Progress:   0 % - Intersection 2
           Current Progress:   0 % - Performing Boolean operation
Memory: 560/560 589/637
           Current Progress:   0 % - Difference
Memory: 561/561 590/637
           Current Progress:   0 % - Performing Boolean operation
Memory: 563/563 592/637
           Current Progress:   0 % - Union 3
Memory: 964/973 1135/1151
           Current Progress:   0 % - Performing Boolean operation
Memory: 948/973 1116/1151
           Current Progress:   0 % - Geometry 1
Memory: 949/973 1116/1151
           Current Progress:   0 % - Form Union
           Current Progress:   0 % - Performing Boolean operation
Memory: 953/973 1121/1151
--         Current Progress:  20 % - Updating selections
Memory: 954/973 1122/1151
--         Current Progress:  20 % - Free tetrahedral
Memory: 1134/1137 1168/1172
Number of vertex elements: 54
--         Current Progress:  21 % - Creating boundary mesh
Memory: 1160/1163 1188/1192
---        Current Progress:  38 % - Creating boundary mesh
Memory: 1139/1181 1166/1208
Number of edge elements: 779
Number of boundary elements: 8832
----       Current Progress:  49 % - Creating initial tetrahedra
Memory: 1131/1181 1162/1208
---------  Current Progress:  99 % - Finalizing mesh
Memory: 1145/1181 1183/1208
Number of elements: 31038
Minimum element quality: 0.02627
---------- Current Progress: 100 % - Finalizing mesh
Memory: 1147/1181 1184/1208
Class run time: 13 s.
Saving model: C:\Users\20223231\ews_fem_clean\runs\comsol_full_overnight_suite\output_full_baseline_reference_simple_gland_static_baseline\build\full_baseline_reference_simple_gland_static_baseline_generated_Model.mph
Save time: 0 s.
Total time: 13 s.
